main.c:88:6:processUART	40	static
main.c:116:5:main	8	static
main.c:177:6:SystemClock_Config	88	static
main.c:222:13:MX_ADC1_Init	24	static
main.c:272:13:MX_I2C1_Init	8	static
main.c:306:13:MX_TIM1_Init	32	static
main.c:352:13:MX_TIM2_Init	56	static
main.c:407:13:MX_TIM3_Init	32	static
main.c:456:13:MX_USART2_UART_Init	8	static
main.c:487:13:MX_DMA_Init	16	static
main.c:512:13:MX_GPIO_Init	48	static
main.c:553:6:HAL_ADC_ConvCpltCallback	16	static
main.c:559:6:USER_UART_IRQHandler	24	static
main.c:571:6:USER_UART_IDLECallback	16	static
main.c:581:6:HAL_TIM_PeriodElapsedCallback	120	static
main.c:628:6:HAL_GPIO_EXTI_Callback	16	static
main.c:642:6:Error_Handler	4	static
